Total chars counted: 1137
Char, Count
a, 18
b, 58
c, 17
d, 111
e, 30
f, 69
g, 3
h, 12
i, 2
j, 22
k, 66
l, 11
m, 35
n, 13
o, 84
p, 52
q, 38
r, 16
s, 211
t, 9
u, 112
v, 27
w, 42
x, 55
y, 23
z, 1
