Total chars counted: 1137
Char, Count
_, 211
a, 84
b, 12
c, 30
d, 38
e, 112
f, 22
g, 17
h, 55
i, 58
k, 9
l, 42
m, 13
n, 69
o, 66
p, 16
q, 2
r, 35
s, 52
t, 111
u, 27
v, 11
w, 18
x, 1
y, 23
z, 3
