Total chars counted: 626
Char, Count
_, 176
a, 68
c, 16
d, 34
e, 57
f, 9
g, 1
h, 33
i, 33
k, 17
l, 12
m, 23
n, 28
o, 49
p, 1
q, 8
r, 27
s, 3
t, 9
u, 9
v, 3
w, 7
y, 3
