Total chars counted: 10
Char, Count
_, 4
b, 1
h, 2
u, 3
