Total chars counted: 10
Char, Count
_, 4
a, 2
c, 1
t, 3
