Total chars counted: 11
Char, Count
_, 1
d, 1
e, 1
h, 1
l, 3
o, 2
r, 1
w, 1
