Total chars counted: 20
Char, Count
_, 3
b, 1
d, 2
e, 2
g, 1
h, 1
l, 3
o, 4
r, 1
w, 1
y, 1
