Total chars counted: 750798
Char, Count
_, 198575
a, 42759
b, 9364
c, 14127
d, 22854
e, 71265
f, 12385
g, 10445
h, 34650
i, 38958
j, 969
k, 3343
l, 22073
m, 15126
n, 38730
o, 41385
p, 8743
q, 638
r, 33537
s, 33873
t, 48229
u, 15509
v, 5845
w, 12578
x, 867
y, 13033
z, 938
